******************************************************************************
                  MSP430 Linker PC v3.2.2                      
******************************************************************************
>> Linked Wed May 11 16:23:41 2011

OUTPUT FILE NAME:   <Jaka_i2c_Servo.out>
ENTRY POINT SYMBOL: "_c_int00"  address: 0000fbee


MEMORY CONFIGURATION

         name            origin    length      used     unused   attr    fill
----------------------  --------  ---------  --------  --------  ----  --------
  SFR                   00000000   00000010  00000000  00000010  RWIX
  PERIPHERALS_8BIT      00000010   000000f0  00000000  000000f0  RWIX
  PERIPHERALS_16BIT     00000100   00000100  00000000  00000100  RWIX
  RAM                   00000200   00000080  00000058  00000028  RWIX
  INFOD                 00001000   00000040  00000000  00000040  RWIX
  INFOC                 00001040   00000040  00000000  00000040  RWIX
  INFOB                 00001080   00000040  00000000  00000040  RWIX
  INFOA                 000010c0   00000040  00000000  00000040  RWIX
  FLASH                 0000f800   000007e0  00000482  0000035e  RWIX
  INT00                 0000ffe0   00000002  00000000  00000002  RWIX
  INT01                 0000ffe2   00000002  00000000  00000002  RWIX
  INT02                 0000ffe4   00000002  00000000  00000002  RWIX
  INT03                 0000ffe6   00000002  00000000  00000002  RWIX
  INT04                 0000ffe8   00000002  00000002  00000000  RWIX
  INT05                 0000ffea   00000002  00000000  00000002  RWIX
  INT06                 0000ffec   00000002  00000000  00000002  RWIX
  INT07                 0000ffee   00000002  00000000  00000002  RWIX
  INT08                 0000fff0   00000002  00000000  00000002  RWIX
  INT09                 0000fff2   00000002  00000002  00000000  RWIX
  INT10                 0000fff4   00000002  00000000  00000002  RWIX
  INT11                 0000fff6   00000002  00000000  00000002  RWIX
  INT12                 0000fff8   00000002  00000000  00000002  RWIX
  INT13                 0000fffa   00000002  00000000  00000002  RWIX
  INT14                 0000fffc   00000002  00000000  00000002  RWIX
  RESET                 0000fffe   00000002  00000002  00000000  RWIX


SECTION ALLOCATION MAP

 output                                  attributes/
section   page    origin      length       input sections
--------  ----  ----------  ----------   ----------------
.pinit     0    0000f800    00000000     UNINITIALIZED

.bss       0    00000200    00000026     UNINITIALIZED
                  00000200    00000014     main_i2c_servo.obj (.bss)
                  00000214    0000000a     USI_I2CSlave.obj (.bss)
                  0000021e    00000004     rts430.lib : _lock.obj (.bss)
                  00000222    00000004                : boot.obj (.bss)

.stack     0    0000024c    00000032     UNINITIALIZED
                  0000024c    00000002     rts430.lib : boot.obj (.stack)
                  0000024e    00000030     --HOLE--

.text      0    0000f800    00000460     
                  0000f800    000001b8     USI_I2CSlave.obj (.text)
                  0000f9b8    0000012a     main_i2c_servo.obj (.text:Timer_A)
                  0000fae2    0000006e     main_i2c_servo.obj (.text:main)
                  0000fb50    00000046     rts430.lib : autoinit.obj (.text:_auto_init)
                  0000fb96    00000030     main_i2c_servo.obj (.text:checkI2C)
                  0000fbc6    00000028     main_i2c_servo.obj (.text:i2c_RxCallback)
                  0000fbee    00000026     rts430.lib : boot.obj (.text:_c_int00_noexit)
                  0000fc14    00000012     main_i2c_servo.obj (.text:i2c_TxCallback)
                  0000fc26    00000012     rts430.lib : memcpy.obj (.text:memcpy)
                  0000fc38    00000010                : epilog.obj (.text)
                  0000fc48    0000000e     main_i2c_servo.obj (.text:i2c_StartCallback)
                  0000fc56    00000004     rts430.lib : pre_init.obj (.text:_system_pre_init)
                  0000fc5a    00000004                : exit.obj (.text:abort)
                  0000fc5e    00000002                : _lock.obj (.text:_nop)

.cinit     0    0000fc60    00000022     
                  0000fc60    00000020     main_i2c_servo.obj (.cinit)
                  0000fc80    00000002     --HOLE-- [fill = 0]

.int04     0    0000ffe8    00000002     
                  0000ffe8    00000002     USI_I2CSlave.obj (.int04)

.int09     0    0000fff2    00000002     
                  0000fff2    00000002     main_i2c_servo.obj (.int09)

.reset     0    0000fffe    00000002     
                  0000fffe    00000002     rts430.lib : boot.obj (.reset)


GLOBAL SYMBOLS: SORTED ALPHABETICALLY BY Name 

address    name
--------   ----
00000200   .bss
0000f800   .text
0000004a   ADC10AE0
000001b0   ADC10CTL0
000001b2   ADC10CTL1
00000048   ADC10DTC0
00000049   ADC10DTC1
000001b4   ADC10MEM
000001bc   ADC10SA
00000206   Activei2cCmd
00000057   BCSCTL1
00000058   BCSCTL2
00000053   BCSCTL3
0000fc5a   C$$EXIT
000010ff   CALBC1_1MHZ
000010fe   CALDCO_1MHZ
00000208   CmdReg
00000200   CurrI2cState
00000056   DCOCTL
00000128   FCTL1
0000012a   FCTL2
0000012c   FCTL3
00000000   IE1
00000002   IFG1
00000022   P1DIR
00000025   P1IE
00000024   P1IES
00000023   P1IFG
00000020   P1IN
00000021   P1OUT
00000027   P1REN
00000026   P1SEL
0000002a   P2DIR
0000002d   P2IE
0000002c   P2IES
0000002b   P2IFG
00000028   P2IN
00000029   P2OUT
0000002f   P2REN
0000002e   P2SEL
00000201   PrevI2cState
0000020a   StatusReg
00000172   TACCR0
00000174   TACCR1
00000162   TACCTL0
00000164   TACCTL1
00000160   TACTL
0000012e   TAIV
00000170   TAR
00000216   TI_I2CState
00000218   TI_RxFuncPtr
00000214   TI_SlavAdd
0000021c   TI_StartFuncPtr
0000021a   TI_TxFuncPtr
0000f800   TI_USI_I2C_SlaveInit
0000f9b8   Timer_A
0000007a   USICCTL
0000007a   USICKCTL
0000007b   USICNT
00000078   USICTL
00000078   USICTL0
00000079   USICTL1
0000007c   USISR
0000007d   USISRH
0000007c   USISRL
00000120   WDTCTL
0000027e   __STACK_END
00000032   __STACK_SIZE
00000001   __TI_args_main
00000001   __TI_auto_init
00000001   __TI_exit
ffffffff   __binit__
00000200   __bss__
ffffffff   __c_args__
0000fc60   __cinit__
00000226   __end__
0000fc60   __etext__
ffffffff   __pinit__
0000f800   __text__
0000fb50   _auto_init
0000fbee   _c_int00
0000fbee   _c_int00_noexit
00000222   _cleanup_ptr
00000224   _dtors_ptr
0000021e   _lock
0000fc5e   _nop
0000fffe   _reset_vector
0000024c   _stack
0000fc56   _system_pre_init
00000220   _unlock
0000fc5a   abort
ffffffff   binit
0000fb96   checkI2C
0000fc60   cinit
0000020c   counter
00000212   demoCounter
00000226   end
0000fc60   etext
0000fc44   func_epilog_1
0000fc42   func_epilog_2
0000fc40   func_epilog_3
0000fc3e   func_epilog_4
0000fc3c   func_epilog_5
0000fc3a   func_epilog_6
0000fc38   func_epilog_7
00000207   i2cCmd
00000204   i2cCmdsTimer
00000202   i2cRxCmdCounter
0000fbc6   i2c_RxCallback
0000fc48   i2c_StartCallback
0000fc14   i2c_TxCallback
0000fae2   main
0000fc26   memcpy
ffffffff   pinit
0000020e   servoPosition


GLOBAL SYMBOLS: SORTED BY Symbol Address 

address    name
--------   ----
00000000   IE1
00000001   __TI_args_main
00000001   __TI_auto_init
00000001   __TI_exit
00000002   IFG1
00000020   P1IN
00000021   P1OUT
00000022   P1DIR
00000023   P1IFG
00000024   P1IES
00000025   P1IE
00000026   P1SEL
00000027   P1REN
00000028   P2IN
00000029   P2OUT
0000002a   P2DIR
0000002b   P2IFG
0000002c   P2IES
0000002d   P2IE
0000002e   P2SEL
0000002f   P2REN
00000032   __STACK_SIZE
00000048   ADC10DTC0
00000049   ADC10DTC1
0000004a   ADC10AE0
00000053   BCSCTL3
00000056   DCOCTL
00000057   BCSCTL1
00000058   BCSCTL2
00000078   USICTL
00000078   USICTL0
00000079   USICTL1
0000007a   USICCTL
0000007a   USICKCTL
0000007b   USICNT
0000007c   USISR
0000007c   USISRL
0000007d   USISRH
00000120   WDTCTL
00000128   FCTL1
0000012a   FCTL2
0000012c   FCTL3
0000012e   TAIV
00000160   TACTL
00000162   TACCTL0
00000164   TACCTL1
00000170   TAR
00000172   TACCR0
00000174   TACCR1
000001b0   ADC10CTL0
000001b2   ADC10CTL1
000001b4   ADC10MEM
000001bc   ADC10SA
00000200   .bss
00000200   CurrI2cState
00000200   __bss__
00000201   PrevI2cState
00000202   i2cRxCmdCounter
00000204   i2cCmdsTimer
00000206   Activei2cCmd
00000207   i2cCmd
00000208   CmdReg
0000020a   StatusReg
0000020c   counter
0000020e   servoPosition
00000212   demoCounter
00000214   TI_SlavAdd
00000216   TI_I2CState
00000218   TI_RxFuncPtr
0000021a   TI_TxFuncPtr
0000021c   TI_StartFuncPtr
0000021e   _lock
00000220   _unlock
00000222   _cleanup_ptr
00000224   _dtors_ptr
00000226   __end__
00000226   end
0000024c   _stack
0000027e   __STACK_END
000010fe   CALDCO_1MHZ
000010ff   CALBC1_1MHZ
0000f800   .text
0000f800   TI_USI_I2C_SlaveInit
0000f800   __text__
0000f9b8   Timer_A
0000fae2   main
0000fb50   _auto_init
0000fb96   checkI2C
0000fbc6   i2c_RxCallback
0000fbee   _c_int00
0000fbee   _c_int00_noexit
0000fc14   i2c_TxCallback
0000fc26   memcpy
0000fc38   func_epilog_7
0000fc3a   func_epilog_6
0000fc3c   func_epilog_5
0000fc3e   func_epilog_4
0000fc40   func_epilog_3
0000fc42   func_epilog_2
0000fc44   func_epilog_1
0000fc48   i2c_StartCallback
0000fc56   _system_pre_init
0000fc5a   C$$EXIT
0000fc5a   abort
0000fc5e   _nop
0000fc60   __cinit__
0000fc60   __etext__
0000fc60   cinit
0000fc60   etext
0000fffe   _reset_vector
ffffffff   __binit__
ffffffff   __c_args__
ffffffff   __pinit__
ffffffff   binit
ffffffff   pinit

[115 symbols]
